<html>
<body>
<pre>
<h1>µVision Build Log</h1>
<h2>Project:</h2>
E:\labware\Labware\Connect_4_Game\SpaceInvaders.uvproj
Project File Date:  05/30/2020

<h2>Output:</h2>
Rebuild target 'SpaceInvaders'
assembling startup.s...
compiling Nokia5110.c...
assembling random.s...
compiling SpaceInvaders.c...
image.h(59): warning:  #1-D: last line of file ends without a newline
SpaceInvaders.c(409): warning:  #1-D: last line of file ends without a newline
  }
SpaceInvaders.c: 2 warnings, 0 errors
compiling TExaS.c...
linking...
Program Size: Code=5756 RO-data=2868 RW-data=80 ZI-data=1848  
".\SpaceInvaders.axf" - 0 Error(s), 2 Warning(s).
